// Jest Snapshot v1, https://goo.gl/fbAQLP

exports[`Save matches snapshot 1`] = `
<div
  className="the-classname"
>
  <span
    className="calderaMailchimpSurvery"
    data-list="f411"
  />
</div>
`;
